<?xml version="1.0" encoding="utf-8"?><testsuites><testsuite name="pytest" errors="0" failures="7" skipped="0" tests="36" time="333.373" timestamp="2025-10-20T04:41:26.153434" hostname="DESKTOP-DKEC0GM"><testcase classname="functional_tests.test_admin_functionality.AdminFunctionalityTest" name="test_admin_dashboard_statistics" time="4.641" /><testcase classname="functional_tests.test_admin_functionality.AdminFunctionalityTest" name="test_admin_login_and_dashboard_access" time="2.132" /><testcase classname="functional_tests.test_admin_functionality.AdminFunctionalityTest" name="test_admin_logout" time="1.889"><failure message="AssertionError: '/admin-dashboard/' unexpectedly found in 'http://localhost:63883/admin-dashboard/'">E   AssertionError: '/admin-dashboard/' unexpectedly found in 'http://localhost:63883/admin-dashboard/'</failure></testcase><testcase classname="functional_tests.test_admin_functionality.AdminFunctionalityTest" name="test_ban_user_functionality" time="11.741" /><testcase classname="functional_tests.test_admin_functionality.AdminFunctionalityTest" name="test_django_admin_access" time="1.641" /><testcase classname="functional_tests.test_admin_functionality.AdminFunctionalityTest" name="test_self_ban_prevention" time="2.057" /><testcase classname="functional_tests.test_admin_functionality.AdminFunctionalityTest" name="test_unban_user_functionality" time="1.742" /><testcase classname="functional_tests.test_admin_functionality.AdminFunctionalityTest" name="test_user_management_page_access" time="1.715" /><testcase classname="functional_tests.test_admin_functionality.AdminFunctionalityTest" name="test_user_management_statistics" time="14.047"><failure message="AssertionError: 0 not greater than 0 : Users table should be present">E   AssertionError: 0 not greater than 0 : Users table should be present</failure></testcase><testcase classname="functional_tests.test_authentication.AuthenticationTest" name="test_invalid_login" time="4.661" /><testcase classname="functional_tests.test_authentication.AuthenticationTest" name="test_successful_login" time="3.878" /><testcase classname="functional_tests.test_dashboard.DashboardTest" name="test_dashboard_loads_correctly" time="3.093" /><testcase classname="functional_tests.test_dashboard.DashboardTest" name="test_logout_functionality" time="3.814"><failure message="AssertionError: assert 'dashboard' not in 'http://loca...r-dashboard/'&#10;  'dashboard' is contained here:&#10;    http://localhost:50678/influencer-dashboard/&#10;  ?                                   +++++++++">E   AssertionError: assert 'dashboard' not in 'http://loca...r-dashboard/'
      'dashboard' is contained here:
        http://localhost:50678/influencer-dashboard/
      ?                                   +++++++++</failure></testcase><testcase classname="functional_tests.test_forms.FormSubmissionTest" name="test_contact_form_submission" time="109.272" /><testcase classname="functional_tests.test_forms.FormSubmissionTest" name="test_form_validation" time="4.549" /><testcase classname="functional_tests.test_navigation_ui.NavigationUITest" name="test_accessibility_basic_checks" time="23.305" /><testcase classname="functional_tests.test_navigation_ui.NavigationUITest" name="test_admin_navigation_flow" time="2.656" /><testcase classname="functional_tests.test_navigation_ui.NavigationUITest" name="test_cross_browser_compatibility_indicators" time="1.865" /><testcase classname="functional_tests.test_navigation_ui.NavigationUITest" name="test_error_pages_and_validation" time="2.817" /><testcase classname="functional_tests.test_navigation_ui.NavigationUITest" name="test_main_navigation_menu" time="11.821" /><testcase classname="functional_tests.test_navigation_ui.NavigationUITest" name="test_performance_basic" time="2.718" /><testcase classname="functional_tests.test_navigation_ui.NavigationUITest" name="test_responsive_design_mobile" time="13.864" /><testcase classname="functional_tests.test_navigation_ui.NavigationUITest" name="test_responsive_design_tablet" time="3.541" /><testcase classname="functional_tests.test_navigation_ui.NavigationUITest" name="test_visual_elements_and_interactions" time="13.810" /><testcase classname="functional_tests.test_search.SearchFilterTest" name="test_campaign_budget_filter" time="14.300" /><testcase classname="functional_tests.test_search.SearchFilterTest" name="test_campaign_category_filter" time="0.710"><failure message="selenium.common.exceptions.StaleElementReferenceException: Message: stale element reference: stale element not found&#10;  (Session info: chrome=141.0.7390.108); For documentation on this error, please visit: https://www.selenium.dev/documentation/webdriver/troubleshooting/errors#stale-element-reference-exception&#10;Stacktrace:&#10;&#09;GetHandleVerifier [0x0x7ff6cb63e9e5+80021]&#10;&#09;GetHandleVerifier [0x0x7ff6cb63ea40+80112]&#10;&#09;(No symbol) [0x0x7ff6cb3c060f]&#10;&#09;(No symbol) [0x0x7ff6cb3d6e35]&#10;&#09;(No symbol) [0x0x7ff6cb3d5923]&#10;&#09;(No symbol) [0x0x7ff6cb3c8ea7]&#10;&#09;(No symbol) [0x0x7ff6cb3c6d80]&#10;&#09;(No symbol) [0x0x7ff6cb3cb26f]&#10;&#09;(No symbol) [0x0x7ff6cb3cb32f]&#10;&#09;(No symbol) [0x0x7ff6cb4197ca]&#10;&#09;(No symbol) [0x0x7ff6cb4198a7]&#10;&#09;(No symbol) [0x0x7ff6cb40ef8e]&#10;&#09;(No symbol) [0x0x7ff6cb44122a]&#10;&#09;(No symbol) [0x0x7ff6cb40b056]&#10;&#09;(No symbol) [0x0x7ff6cb441440]&#10;&#09;(No symbol) [0x0x7ff6cb46968a]&#10;&#09;(No symbol) [0x0x7ff6cb441003]&#10;&#09;(No symbol) [0x0x7ff6cb4095d1]&#10;&#09;(No symbol) [0x0x7ff6cb40a3f3]&#10;&#09;GetHandleVerifier [0x0x7ff6cb8fdd8d+2960445]&#10;&#09;GetHandleVerifier [0x0x7ff6cb8f804a+2936570]&#10;&#09;GetHandleVerifier [0x0x7ff6cb918a87+3070263]&#10;&#09;GetHandleVerifier [0x0x7ff6cb6584ce+185214]&#10;&#09;GetHandleVerifier [0x0x7ff6cb65ff1f+216527]&#10;&#09;GetHandleVerifier [0x0x7ff6cb647c24+117460]&#10;&#09;GetHandleVerifier [0x0x7ff6cb647ddf+117903]&#10;&#09;GetHandleVerifier [0x0x7ff6cb62dcb8+11112]&#10;&#09;BaseThreadInitThunk [0x0x7ff9904e259d+29]&#10;&#09;RtlUserThreadStart [0x0x7ff9911caf38+40]">E   selenium.common.exceptions.StaleElementReferenceException: Message: stale element reference: stale element not found
      (Session info: chrome=141.0.7390.108); For documentation on this error, please visit: https://www.selenium.dev/documentation/webdriver/troubleshooting/errors#stale-element-reference-exception
    Stacktrace:
    	GetHandleVerifier [0x0x7ff6cb63e9e5+80021]
    	GetHandleVerifier [0x0x7ff6cb63ea40+80112]
    	(No symbol) [0x0x7ff6cb3c060f]
    	(No symbol) [0x0x7ff6cb3d6e35]
    	(No symbol) [0x0x7ff6cb3d5923]
    	(No symbol) [0x0x7ff6cb3c8ea7]
    	(No symbol) [0x0x7ff6cb3c6d80]
    	(No symbol) [0x0x7ff6cb3cb26f]
    	(No symbol) [0x0x7ff6cb3cb32f]
    	(No symbol) [0x0x7ff6cb4197ca]
    	(No symbol) [0x0x7ff6cb4198a7]
    	(No symbol) [0x0x7ff6cb40ef8e]
    	(No symbol) [0x0x7ff6cb44122a]
    	(No symbol) [0x0x7ff6cb40b056]
    	(No symbol) [0x0x7ff6cb441440]
    	(No symbol) [0x0x7ff6cb46968a]
    	(No symbol) [0x0x7ff6cb441003]
    	(No symbol) [0x0x7ff6cb4095d1]
    	(No symbol) [0x0x7ff6cb40a3f3]
    	GetHandleVerifier [0x0x7ff6cb8fdd8d+2960445]
    	GetHandleVerifier [0x0x7ff6cb8f804a+2936570]
    	GetHandleVerifier [0x0x7ff6cb918a87+3070263]
    	GetHandleVerifier [0x0x7ff6cb6584ce+185214]
    	GetHandleVerifier [0x0x7ff6cb65ff1f+216527]
    	GetHandleVerifier [0x0x7ff6cb647c24+117460]
    	GetHandleVerifier [0x0x7ff6cb647ddf+117903]
    	GetHandleVerifier [0x0x7ff6cb62dcb8+11112]
    	BaseThreadInitThunk [0x0x7ff9904e259d+29]
    	RtlUserThreadStart [0x0x7ff9911caf38+40]</failure></testcase><testcase classname="functional_tests.test_search.SearchFilterTest" name="test_campaign_combined_filters" time="10.889" /><testcase classname="functional_tests.test_search.SearchFilterTest" name="test_campaign_empty_search" time="21.647" /><testcase classname="functional_tests.test_search.SearchFilterTest" name="test_campaign_filter_persistence" time="2.616" /><testcase classname="functional_tests.test_search.SearchFilterTest" name="test_campaign_pagination" time="10.544" /><testcase classname="functional_tests.test_search.SearchFilterTest" name="test_campaign_platform_filter" time="0.607"><failure message="selenium.common.exceptions.StaleElementReferenceException: Message: stale element reference: stale element not found&#10;  (Session info: chrome=141.0.7390.108); For documentation on this error, please visit: https://www.selenium.dev/documentation/webdriver/troubleshooting/errors#stale-element-reference-exception&#10;Stacktrace:&#10;&#09;GetHandleVerifier [0x0x7ff6cb63e9e5+80021]&#10;&#09;GetHandleVerifier [0x0x7ff6cb63ea40+80112]&#10;&#09;(No symbol) [0x0x7ff6cb3c060f]&#10;&#09;(No symbol) [0x0x7ff6cb3d6e35]&#10;&#09;(No symbol) [0x0x7ff6cb3d5923]&#10;&#09;(No symbol) [0x0x7ff6cb3c8ea7]&#10;&#09;(No symbol) [0x0x7ff6cb3c6d80]&#10;&#09;(No symbol) [0x0x7ff6cb3cb26f]&#10;&#09;(No symbol) [0x0x7ff6cb3cb32f]&#10;&#09;(No symbol) [0x0x7ff6cb4197ca]&#10;&#09;(No symbol) [0x0x7ff6cb4198a7]&#10;&#09;(No symbol) [0x0x7ff6cb40ef8e]&#10;&#09;(No symbol) [0x0x7ff6cb44122a]&#10;&#09;(No symbol) [0x0x7ff6cb40b056]&#10;&#09;(No symbol) [0x0x7ff6cb441440]&#10;&#09;(No symbol) [0x0x7ff6cb46968a]&#10;&#09;(No symbol) [0x0x7ff6cb441003]&#10;&#09;(No symbol) [0x0x7ff6cb4095d1]&#10;&#09;(No symbol) [0x0x7ff6cb40a3f3]&#10;&#09;GetHandleVerifier [0x0x7ff6cb8fdd8d+2960445]&#10;&#09;GetHandleVerifier [0x0x7ff6cb8f804a+2936570]&#10;&#09;GetHandleVerifier [0x0x7ff6cb918a87+3070263]&#10;&#09;GetHandleVerifier [0x0x7ff6cb6584ce+185214]&#10;&#09;GetHandleVerifier [0x0x7ff6cb65ff1f+216527]&#10;&#09;GetHandleVerifier [0x0x7ff6cb647c24+117460]&#10;&#09;GetHandleVerifier [0x0x7ff6cb647ddf+117903]&#10;&#09;GetHandleVerifier [0x0x7ff6cb62dcb8+11112]&#10;&#09;BaseThreadInitThunk [0x0x7ff9904e259d+29]&#10;&#09;RtlUserThreadStart [0x0x7ff9911caf38+40]">E   selenium.common.exceptions.StaleElementReferenceException: Message: stale element reference: stale element not found
      (Session info: chrome=141.0.7390.108); For documentation on this error, please visit: https://www.selenium.dev/documentation/webdriver/troubleshooting/errors#stale-element-reference-exception
    Stacktrace:
    	GetHandleVerifier [0x0x7ff6cb63e9e5+80021]
    	GetHandleVerifier [0x0x7ff6cb63ea40+80112]
    	(No symbol) [0x0x7ff6cb3c060f]
    	(No symbol) [0x0x7ff6cb3d6e35]
    	(No symbol) [0x0x7ff6cb3d5923]
    	(No symbol) [0x0x7ff6cb3c8ea7]
    	(No symbol) [0x0x7ff6cb3c6d80]
    	(No symbol) [0x0x7ff6cb3cb26f]
    	(No symbol) [0x0x7ff6cb3cb32f]
    	(No symbol) [0x0x7ff6cb4197ca]
    	(No symbol) [0x0x7ff6cb4198a7]
    	(No symbol) [0x0x7ff6cb40ef8e]
    	(No symbol) [0x0x7ff6cb44122a]
    	(No symbol) [0x0x7ff6cb40b056]
    	(No symbol) [0x0x7ff6cb441440]
    	(No symbol) [0x0x7ff6cb46968a]
    	(No symbol) [0x0x7ff6cb441003]
    	(No symbol) [0x0x7ff6cb4095d1]
    	(No symbol) [0x0x7ff6cb40a3f3]
    	GetHandleVerifier [0x0x7ff6cb8fdd8d+2960445]
    	GetHandleVerifier [0x0x7ff6cb8f804a+2936570]
    	GetHandleVerifier [0x0x7ff6cb918a87+3070263]
    	GetHandleVerifier [0x0x7ff6cb6584ce+185214]
    	GetHandleVerifier [0x0x7ff6cb65ff1f+216527]
    	GetHandleVerifier [0x0x7ff6cb647c24+117460]
    	GetHandleVerifier [0x0x7ff6cb647ddf+117903]
    	GetHandleVerifier [0x0x7ff6cb62dcb8+11112]
    	BaseThreadInitThunk [0x0x7ff9904e259d+29]
    	RtlUserThreadStart [0x0x7ff9911caf38+40]</failure></testcase><testcase classname="functional_tests.test_search.SearchFilterTest" name="test_campaign_search_by_description" time="10.553"><failure message="selenium.common.exceptions.StaleElementReferenceException: Message: stale element reference: stale element not found&#10;  (Session info: chrome=141.0.7390.108); For documentation on this error, please visit: https://www.selenium.dev/documentation/webdriver/troubleshooting/errors#stale-element-reference-exception&#10;Stacktrace:&#10;&#09;GetHandleVerifier [0x0x7ff6cb63e9e5+80021]&#10;&#09;GetHandleVerifier [0x0x7ff6cb63ea40+80112]&#10;&#09;(No symbol) [0x0x7ff6cb3c060f]&#10;&#09;(No symbol) [0x0x7ff6cb3d6e35]&#10;&#09;(No symbol) [0x0x7ff6cb3d5923]&#10;&#09;(No symbol) [0x0x7ff6cb3c8ea7]&#10;&#09;(No symbol) [0x0x7ff6cb3c6d80]&#10;&#09;(No symbol) [0x0x7ff6cb3cb26f]&#10;&#09;(No symbol) [0x0x7ff6cb3cb32f]&#10;&#09;(No symbol) [0x0x7ff6cb4197ca]&#10;&#09;(No symbol) [0x0x7ff6cb4198a7]&#10;&#09;(No symbol) [0x0x7ff6cb40ef8e]&#10;&#09;(No symbol) [0x0x7ff6cb44122a]&#10;&#09;(No symbol) [0x0x7ff6cb40b056]&#10;&#09;(No symbol) [0x0x7ff6cb441440]&#10;&#09;(No symbol) [0x0x7ff6cb46968a]&#10;&#09;(No symbol) [0x0x7ff6cb441003]&#10;&#09;(No symbol) [0x0x7ff6cb4095d1]&#10;&#09;(No symbol) [0x0x7ff6cb40a3f3]&#10;&#09;GetHandleVerifier [0x0x7ff6cb8fdd8d+2960445]&#10;&#09;GetHandleVerifier [0x0x7ff6cb8f804a+2936570]&#10;&#09;GetHandleVerifier [0x0x7ff6cb918a87+3070263]&#10;&#09;GetHandleVerifier [0x0x7ff6cb6584ce+185214]&#10;&#09;GetHandleVerifier [0x0x7ff6cb65ff1f+216527]&#10;&#09;GetHandleVerifier [0x0x7ff6cb647c24+117460]&#10;&#09;GetHandleVerifier [0x0x7ff6cb647ddf+117903]&#10;&#09;GetHandleVerifier [0x0x7ff6cb62dcb8+11112]&#10;&#09;BaseThreadInitThunk [0x0x7ff9904e259d+29]&#10;&#09;RtlUserThreadStart [0x0x7ff9911caf38+40]">E   selenium.common.exceptions.NoSuchElementException: Message: no such element: Unable to locate element: {"method":"css selector","selector":"form"}
      (Session info: chrome=141.0.7390.108); For documentation on this error, please visit: https://www.selenium.dev/documentation/webdriver/troubleshooting/errors#no-such-element-exception
    Stacktrace:
    	GetHandleVerifier [0x0x7ff6cb63e9e5+80021]
    	GetHandleVerifier [0x0x7ff6cb63ea40+80112]
    	(No symbol) [0x0x7ff6cb3c060f]
    	(No symbol) [0x0x7ff6cb418854]
    	(No symbol) [0x0x7ff6cb418b1c]
    	(No symbol) [0x0x7ff6cb46c927]
    	(No symbol) [0x0x7ff6cb44126f]
    	(No symbol) [0x0x7ff6cb46968a]
    	(No symbol) [0x0x7ff6cb441003]
    	(No symbol) [0x0x7ff6cb4095d1]
    	(No symbol) [0x0x7ff6cb40a3f3]
    	GetHandleVerifier [0x0x7ff6cb8fdd8d+2960445]
    	GetHandleVerifier [0x0x7ff6cb8f804a+2936570]
    	GetHandleVerifier [0x0x7ff6cb918a87+3070263]
    	GetHandleVerifier [0x0x7ff6cb6584ce+185214]
    	GetHandleVerifier [0x0x7ff6cb65ff1f+216527]
    	GetHandleVerifier [0x0x7ff6cb647c24+117460]
    	GetHandleVerifier [0x0x7ff6cb647ddf+117903]
    	GetHandleVerifier [0x0x7ff6cb62dcb8+11112]
    	BaseThreadInitThunk [0x0x7ff9904e259d+29]
    	RtlUserThreadStart [0x0x7ff9911caf38+40]

During handling of the above exception, another exception occurred:
E   selenium.common.exceptions.StaleElementReferenceException: Message: stale element reference: stale element not found
      (Session info: chrome=141.0.7390.108); For documentation on this error, please visit: https://www.selenium.dev/documentation/webdriver/troubleshooting/errors#stale-element-reference-exception
    Stacktrace:
    	GetHandleVerifier [0x0x7ff6cb63e9e5+80021]
    	GetHandleVerifier [0x0x7ff6cb63ea40+80112]
    	(No symbol) [0x0x7ff6cb3c060f]
    	(No symbol) [0x0x7ff6cb3d6e35]
    	(No symbol) [0x0x7ff6cb3d5923]
    	(No symbol) [0x0x7ff6cb3c8ea7]
    	(No symbol) [0x0x7ff6cb3c6d80]
    	(No symbol) [0x0x7ff6cb3cb26f]
    	(No symbol) [0x0x7ff6cb3cb32f]
    	(No symbol) [0x0x7ff6cb4197ca]
    	(No symbol) [0x0x7ff6cb4198a7]
    	(No symbol) [0x0x7ff6cb40ef8e]
    	(No symbol) [0x0x7ff6cb44122a]
    	(No symbol) [0x0x7ff6cb40b056]
    	(No symbol) [0x0x7ff6cb441440]
    	(No symbol) [0x0x7ff6cb46968a]
    	(No symbol) [0x0x7ff6cb441003]
    	(No symbol) [0x0x7ff6cb4095d1]
    	(No symbol) [0x0x7ff6cb40a3f3]
    	GetHandleVerifier [0x0x7ff6cb8fdd8d+2960445]
    	GetHandleVerifier [0x0x7ff6cb8f804a+2936570]
    	GetHandleVerifier [0x0x7ff6cb918a87+3070263]
    	GetHandleVerifier [0x0x7ff6cb6584ce+185214]
    	GetHandleVerifier [0x0x7ff6cb65ff1f+216527]
    	GetHandleVerifier [0x0x7ff6cb647c24+117460]
    	GetHandleVerifier [0x0x7ff6cb647ddf+117903]
    	GetHandleVerifier [0x0x7ff6cb62dcb8+11112]
    	BaseThreadInitThunk [0x0x7ff9904e259d+29]
    	RtlUserThreadStart [0x0x7ff9911caf38+40]</failure></testcase><testcase classname="functional_tests.test_search.SearchFilterTest" name="test_campaign_search_by_title" time="10.570"><failure message="selenium.common.exceptions.StaleElementReferenceException: Message: stale element reference: stale element not found&#10;  (Session info: chrome=141.0.7390.108); For documentation on this error, please visit: https://www.selenium.dev/documentation/webdriver/troubleshooting/errors#stale-element-reference-exception&#10;Stacktrace:&#10;&#09;GetHandleVerifier [0x0x7ff6cb63e9e5+80021]&#10;&#09;GetHandleVerifier [0x0x7ff6cb63ea40+80112]&#10;&#09;(No symbol) [0x0x7ff6cb3c060f]&#10;&#09;(No symbol) [0x0x7ff6cb3d6e35]&#10;&#09;(No symbol) [0x0x7ff6cb3d5923]&#10;&#09;(No symbol) [0x0x7ff6cb3c8ea7]&#10;&#09;(No symbol) [0x0x7ff6cb3c6d80]&#10;&#09;(No symbol) [0x0x7ff6cb3cb26f]&#10;&#09;(No symbol) [0x0x7ff6cb3cb32f]&#10;&#09;(No symbol) [0x0x7ff6cb4197ca]&#10;&#09;(No symbol) [0x0x7ff6cb4198a7]&#10;&#09;(No symbol) [0x0x7ff6cb40ef8e]&#10;&#09;(No symbol) [0x0x7ff6cb44122a]&#10;&#09;(No symbol) [0x0x7ff6cb40b056]&#10;&#09;(No symbol) [0x0x7ff6cb441440]&#10;&#09;(No symbol) [0x0x7ff6cb46968a]&#10;&#09;(No symbol) [0x0x7ff6cb441003]&#10;&#09;(No symbol) [0x0x7ff6cb4095d1]&#10;&#09;(No symbol) [0x0x7ff6cb40a3f3]&#10;&#09;GetHandleVerifier [0x0x7ff6cb8fdd8d+2960445]&#10;&#09;GetHandleVerifier [0x0x7ff6cb8f804a+2936570]&#10;&#09;GetHandleVerifier [0x0x7ff6cb918a87+3070263]&#10;&#09;GetHandleVerifier [0x0x7ff6cb6584ce+185214]&#10;&#09;GetHandleVerifier [0x0x7ff6cb65ff1f+216527]&#10;&#09;GetHandleVerifier [0x0x7ff6cb647c24+117460]&#10;&#09;GetHandleVerifier [0x0x7ff6cb647ddf+117903]&#10;&#09;GetHandleVerifier [0x0x7ff6cb62dcb8+11112]&#10;&#09;BaseThreadInitThunk [0x0x7ff9904e259d+29]&#10;&#09;RtlUserThreadStart [0x0x7ff9911caf38+40]">E   selenium.common.exceptions.NoSuchElementException: Message: no such element: Unable to locate element: {"method":"css selector","selector":"form"}
      (Session info: chrome=141.0.7390.108); For documentation on this error, please visit: https://www.selenium.dev/documentation/webdriver/troubleshooting/errors#no-such-element-exception
    Stacktrace:
    	GetHandleVerifier [0x0x7ff6cb63e9e5+80021]
    	GetHandleVerifier [0x0x7ff6cb63ea40+80112]
    	(No symbol) [0x0x7ff6cb3c060f]
    	(No symbol) [0x0x7ff6cb418854]
    	(No symbol) [0x0x7ff6cb418b1c]
    	(No symbol) [0x0x7ff6cb46c927]
    	(No symbol) [0x0x7ff6cb44126f]
    	(No symbol) [0x0x7ff6cb46968a]
    	(No symbol) [0x0x7ff6cb441003]
    	(No symbol) [0x0x7ff6cb4095d1]
    	(No symbol) [0x0x7ff6cb40a3f3]
    	GetHandleVerifier [0x0x7ff6cb8fdd8d+2960445]
    	GetHandleVerifier [0x0x7ff6cb8f804a+2936570]
    	GetHandleVerifier [0x0x7ff6cb918a87+3070263]
    	GetHandleVerifier [0x0x7ff6cb6584ce+185214]
    	GetHandleVerifier [0x0x7ff6cb65ff1f+216527]
    	GetHandleVerifier [0x0x7ff6cb647c24+117460]
    	GetHandleVerifier [0x0x7ff6cb647ddf+117903]
    	GetHandleVerifier [0x0x7ff6cb62dcb8+11112]
    	BaseThreadInitThunk [0x0x7ff9904e259d+29]
    	RtlUserThreadStart [0x0x7ff9911caf38+40]

During handling of the above exception, another exception occurred:
E   selenium.common.exceptions.StaleElementReferenceException: Message: stale element reference: stale element not found
      (Session info: chrome=141.0.7390.108); For documentation on this error, please visit: https://www.selenium.dev/documentation/webdriver/troubleshooting/errors#stale-element-reference-exception
    Stacktrace:
    	GetHandleVerifier [0x0x7ff6cb63e9e5+80021]
    	GetHandleVerifier [0x0x7ff6cb63ea40+80112]
    	(No symbol) [0x0x7ff6cb3c060f]
    	(No symbol) [0x0x7ff6cb3d6e35]
    	(No symbol) [0x0x7ff6cb3d5923]
    	(No symbol) [0x0x7ff6cb3c8ea7]
    	(No symbol) [0x0x7ff6cb3c6d80]
    	(No symbol) [0x0x7ff6cb3cb26f]
    	(No symbol) [0x0x7ff6cb3cb32f]
    	(No symbol) [0x0x7ff6cb4197ca]
    	(No symbol) [0x0x7ff6cb4198a7]
    	(No symbol) [0x0x7ff6cb40ef8e]
    	(No symbol) [0x0x7ff6cb44122a]
    	(No symbol) [0x0x7ff6cb40b056]
    	(No symbol) [0x0x7ff6cb441440]
    	(No symbol) [0x0x7ff6cb46968a]
    	(No symbol) [0x0x7ff6cb441003]
    	(No symbol) [0x0x7ff6cb4095d1]
    	(No symbol) [0x0x7ff6cb40a3f3]
    	GetHandleVerifier [0x0x7ff6cb8fdd8d+2960445]
    	GetHandleVerifier [0x0x7ff6cb8f804a+2936570]
    	GetHandleVerifier [0x0x7ff6cb918a87+3070263]
    	GetHandleVerifier [0x0x7ff6cb6584ce+185214]
    	GetHandleVerifier [0x0x7ff6cb65ff1f+216527]
    	GetHandleVerifier [0x0x7ff6cb647c24+117460]
    	GetHandleVerifier [0x0x7ff6cb647ddf+117903]
    	GetHandleVerifier [0x0x7ff6cb62dcb8+11112]
    	BaseThreadInitThunk [0x0x7ff9904e259d+29]
    	RtlUserThreadStart [0x0x7ff9911caf38+40]</failure></testcase><testcase classname="functional_tests.test_search.SearchFilterTest" name="test_campaign_search_field_exists" time="0.510" /><testcase classname="functional_tests.test_search.SearchFilterTest" name="test_campaign_search_special_characters" time="2.999" /><testcase classname="functional_tests.test_db" name="test_database" time="0.003" /></testsuite></testsuites>